upload CUDA data  file=/home/davide/Codes/FDM/gpu_runtime.f90 function=enter_field_data line=27 device=0 threadid=1 variable=f bytes=2976
upload CUDA data  file=/home/davide/Codes/FDM/gpu_runtime.f90 function=enter_field_data line=28 device=0 threadid=1 variable=.attach. bytes=248
upload CUDA data  file=/home/davide/Codes/FDM/gpu_runtime.f90 function=enter_field_data line=28 device=0 threadid=1 variable=.attach. bytes=248
upload CUDA data  file=/home/davide/Codes/FDM/gpu_runtime.f90 function=enter_field_data line=28 device=0 threadid=1 variable=f%un(0:g%nx+1,0:g%ny+1,0:g%nz+1) bytes=65939264
upload CUDA data  file=/home/davide/Codes/FDM/gpu_runtime.f90 function=enter_field_data line=28 device=0 threadid=1 variable=.attach. bytes=248
upload CUDA data  file=/home/davide/Codes/FDM/gpu_runtime.f90 function=enter_field_data line=28 device=0 threadid=1 variable=.attach. bytes=248
upload CUDA data  file=/home/davide/Codes/FDM/gpu_runtime.f90 function=enter_field_data line=28 device=0 threadid=1 variable=f%us(0:g%nx+1,0:g%ny+1,0:g%nz+1) bytes=65939264
upload CUDA data  file=/home/davide/Codes/FDM/gpu_runtime.f90 function=enter_field_data line=28 device=0 threadid=1 variable=.attach. bytes=248
upload CUDA data  file=/home/davide/Codes/FDM/gpu_runtime.f90 function=enter_field_data line=28 device=0 threadid=1 variable=.attach. bytes=248
upload CUDA data  file=/home/davide/Codes/FDM/gpu_runtime.f90 function=enter_field_data line=28 device=0 threadid=1 variable=f%vn(0:g%nx+1,1:g%ny+1,0:g%nz+1) bytes=65612832
upload CUDA data  file=/home/davide/Codes/FDM/gpu_runtime.f90 function=enter_field_data line=28 device=0 threadid=1 variable=.attach. bytes=248
upload CUDA data  file=/home/davide/Codes/FDM/gpu_runtime.f90 function=enter_field_data line=28 device=0 threadid=1 variable=.attach. bytes=248
upload CUDA data  file=/home/davide/Codes/FDM/gpu_runtime.f90 function=enter_field_data line=28 device=0 threadid=1 variable=f%vs(0:g%nx+1,1:g%ny+1,0:g%nz+1) bytes=65612832
upload CUDA data  file=/home/davide/Codes/FDM/gpu_runtime.f90 function=enter_field_data line=28 device=0 threadid=1 variable=.attach. bytes=248
upload CUDA data  file=/home/davide/Codes/FDM/gpu_runtime.f90 function=enter_field_data line=28 device=0 threadid=1 variable=.attach. bytes=248
upload CUDA data  file=/home/davide/Codes/FDM/gpu_runtime.f90 function=enter_field_data line=28 device=0 threadid=1 variable=f%wn(0:g%nx+1,0:g%ny+1,0:g%nz+1) bytes=65939264
upload CUDA data  file=/home/davide/Codes/FDM/gpu_runtime.f90 function=enter_field_data line=28 device=0 threadid=1 variable=.attach. bytes=248
upload CUDA data  file=/home/davide/Codes/FDM/gpu_runtime.f90 function=enter_field_data line=28 device=0 threadid=1 variable=.attach. bytes=248
upload CUDA data  file=/home/davide/Codes/FDM/gpu_runtime.f90 function=enter_field_data line=28 device=0 threadid=1 variable=f%ws(0:g%nx+1,0:g%ny+1,0:g%nz+1) bytes=65939264
upload CUDA data  file=/home/davide/Codes/FDM/gpu_runtime.f90 function=enter_field_data line=28 device=0 threadid=1 variable=.attach. bytes=248
upload CUDA data  file=/home/davide/Codes/FDM/gpu_runtime.f90 function=enter_field_data line=28 device=0 threadid=1 variable=.attach. bytes=248
upload CUDA data  file=/home/davide/Codes/FDM/gpu_runtime.f90 function=enter_field_data line=28 device=0 threadid=1 variable=f%pn(0:g%nx+1,1:g%ny,0:g%nz+1) bytes=65286400
upload CUDA data  file=/home/davide/Codes/FDM/gpu_runtime.f90 function=enter_field_data line=28 device=0 threadid=1 variable=.attach. bytes=248
upload CUDA data  file=/home/davide/Codes/FDM/gpu_runtime.f90 function=enter_field_data line=28 device=0 threadid=1 variable=.attach. bytes=248
upload CUDA data  file=/home/davide/Codes/FDM/gpu_runtime.f90 function=enter_field_data line=28 device=0 threadid=1 variable=f%pc(0:g%nx+1,1:g%ny,0:g%nz+1) bytes=65286400
upload CUDA data  file=/home/davide/Codes/FDM/gpu_runtime.f90 function=enter_field_data line=28 device=0 threadid=1 variable=.attach. bytes=248
upload CUDA data  file=/home/davide/Codes/FDM/gpu_runtime.f90 function=enter_field_data line=28 device=0 threadid=1 variable=.attach. bytes=248
upload CUDA data  file=/home/davide/Codes/FDM/gpu_runtime.f90 function=enter_field_data line=28 device=0 threadid=1 variable=f%rhs(1:g%nx,1:g%ny,1:g%nz) bytes=64000000
upload CUDA data  file=/home/davide/Codes/FDM/gpu_runtime.f90 function=enter_field_data line=28 device=0 threadid=1 variable=.attach. bytes=248
upload CUDA data  file=/home/davide/Codes/FDM/gpu_runtime.f90 function=enter_field_data line=28 device=0 threadid=1 variable=.attach. bytes=248
upload CUDA data  file=/home/davide/Codes/FDM/gpu_runtime.f90 function=enter_field_data line=28 device=0 threadid=1 variable=f%uc(1:g%nx,1:g%ny,1:g%nz) bytes=64000000
upload CUDA data  file=/home/davide/Codes/FDM/gpu_runtime.f90 function=enter_field_data line=28 device=0 threadid=1 variable=.attach. bytes=248
upload CUDA data  file=/home/davide/Codes/FDM/gpu_runtime.f90 function=enter_field_data line=28 device=0 threadid=1 variable=.attach. bytes=248
upload CUDA data  file=/home/davide/Codes/FDM/gpu_runtime.f90 function=enter_field_data line=28 device=0 threadid=1 variable=f%vc(1:g%nx,1:g%ny,1:g%nz) bytes=64000000
upload CUDA data  file=/home/davide/Codes/FDM/gpu_runtime.f90 function=enter_field_data line=28 device=0 threadid=1 variable=.attach. bytes=248
upload CUDA data  file=/home/davide/Codes/FDM/gpu_runtime.f90 function=enter_field_data line=28 device=0 threadid=1 variable=.attach. bytes=248
upload CUDA data  file=/home/davide/Codes/FDM/gpu_runtime.f90 function=enter_field_data line=28 device=0 threadid=1 variable=f%wc(1:g%nx,1:g%ny,1:g%nz) bytes=64000000
upload CUDA data  file=/home/davide/Codes/FDM/poisson_cufft.f90 function=allocate_cufft_workspace line=22 device=0 threadid=1 variable=ws bytes=1496
upload CUDA data  file=/home/davide/Codes/FDM/poisson_cufft.f90 function=allocate_cufft_workspace line=23 device=0 threadid=1 variable=.attach. bytes=248
upload CUDA data  file=/home/davide/Codes/FDM/poisson_cufft.f90 function=allocate_cufft_workspace line=23 device=0 threadid=1 variable=.attach. bytes=248
upload CUDA data  file=/home/davide/Codes/FDM/poisson_cufft.f90 function=allocate_cufft_workspace line=23 device=0 threadid=1 variable=.attach. bytes=248
upload CUDA data  file=/home/davide/Codes/FDM/poisson_cufft.f90 function=allocate_cufft_workspace line=23 device=0 threadid=1 variable=.attach. bytes=248
upload CUDA data  file=/home/davide/Codes/FDM/poisson_cufft.f90 function=allocate_cufft_workspace line=23 device=0 threadid=1 variable=.attach. bytes=248
upload CUDA data  file=/home/davide/Codes/FDM/poisson_cufft.f90 function=allocate_cufft_workspace line=23 device=0 threadid=1 variable=.attach. bytes=248
upload CUDA data  file=/home/davide/Codes/FDM/poisson_cufft.f90 function=allocate_cufft_workspace line=23 device=0 threadid=1 variable=.attach. bytes=248
upload CUDA data  file=/home/davide/Codes/FDM/poisson_cufft.f90 function=allocate_cufft_workspace line=23 device=0 threadid=1 variable=.attach. bytes=248
upload CUDA data  file=/home/davide/Codes/FDM/poisson_cufft.f90 function=allocate_cufft_workspace line=23 device=0 threadid=1 variable=.attach. bytes=248
upload CUDA data  file=/home/davide/Codes/FDM/poisson_cufft.f90 function=allocate_cufft_workspace line=23 device=0 threadid=1 variable=.attach. bytes=248
upload CUDA data  file=/home/davide/Codes/FDM/poisson_cufft.f90 function=allocate_cufft_workspace line=23 device=0 threadid=1 variable=.attach. bytes=248
upload CUDA data  file=/home/davide/Codes/FDM/poisson_cufft.f90 function=allocate_cufft_workspace line=23 device=0 threadid=1 variable=.attach. bytes=248
launch CUDA kernel file=/home/davide/Codes/FDM/poisson_common.f90 function=init_tridiag_coefficients line=44 device=0 host-threadid=0 num_teams=0 thread_limit=0 kernelname=nvkernel_poisson_common_init_tridiag_coefficients__F1L44_2_ grid=<<<158,1,1>>> block=<<<128,1,1>>> shmem=0b
launch CUDA kernel file=/home/davide/Codes/FDM/step.f90 function=momentum line=52 device=0 host-threadid=0 num_teams=0 thread_limit=0 kernelname=nvkernel_step_momentum__F1L52_2_ grid=<<<62500,1,1>>> block=<<<128,1,1>>> shmem=0b
launch CUDA kernel file=/home/davide/Codes/FDM/step.f90 function=momentum line=99 device=0 host-threadid=0 num_teams=0 thread_limit=0 kernelname=nvkernel_step_momentum__F1L99_4_ grid=<<<62188,1,1>>> block=<<<128,1,1>>> shmem=0b
launch CUDA kernel file=/home/davide/Codes/FDM/step.f90 function=momentum line=146 device=0 host-threadid=0 num_teams=0 thread_limit=0 kernelname=nvkernel_step_momentum__F1L146_6_ grid=<<<62500,1,1>>> block=<<<128,1,1>>> shmem=0b
launch CUDA kernel file=/home/davide/Codes/FDM/boundary.f90 function=apply_bc line=19 device=0 host-threadid=0 num_teams=0 thread_limit=0 kernelname=nvkernel_boundary_apply_bc__F1L19_2_ grid=<<<319,1,1>>> block=<<<128,1,1>>> shmem=0b
launch CUDA kernel file=/home/davide/Codes/FDM/boundary.f90 function=apply_bc line=46 device=0 host-threadid=0 num_teams=0 thread_limit=0 kernelname=nvkernel_boundary_apply_bc__F1L46_4_ grid=<<<319,1,1>>> block=<<<128,1,1>>> shmem=0b
launch CUDA kernel file=/home/davide/Codes/FDM/boundary.f90 function=apply_bc line=85 device=0 host-threadid=0 num_teams=0 thread_limit=0 kernelname=nvkernel_boundary_apply_bc__F1L85_6_ grid=<<<319,1,1>>> block=<<<128,1,1>>> shmem=0b
launch CUDA kernel file=/home/davide/Codes/FDM/step.f90 function=divu line=285 device=0 host-threadid=0 num_teams=0 thread_limit=0 kernelname=nvkernel_step_divu__F1L285_30_ grid=<<<62500,1,1>>> block=<<<128,1,1>>> shmem=0b
launch CUDA kernel file=/home/davide/Codes/FDM/poisson_cufft.f90 function=pack_rhs_for_cufft line=90 device=0 host-threadid=0 num_teams=0 thread_limit=0 kernelname=nvkernel_poisson_cufft_backend_pack_rhs_for_cufft__F1L90_2_ grid=<<<62500,1,1>>> block=<<<128,1,1>>> shmem=0b
launch CUDA kernel file=/home/davide/Codes/FDM/poisson_common.f90 function=solve_tridiagonal_y line=110 device=0 host-threadid=0 num_teams=0 thread_limit=0 kernelname=nvkernel_poisson_common_solve_tridiagonal_y__F1L110_6_ grid=<<<158,1,1>>> block=<<<128,1,1>>> shmem=0b
launch CUDA kernel file=/home/davide/Codes/FDM/poisson_cufft.f90 function=pack_pressure_for_cufft line=122 device=0 host-threadid=0 num_teams=0 thread_limit=0 kernelname=nvkernel_poisson_cufft_backend_pack_pressure_for_cufft__F1L122_6_ grid=<<<31563,1,1>>> block=<<<128,1,1>>> shmem=0b
launch CUDA kernel file=/home/davide/Codes/FDM/poisson_cufft.f90 function=unpack_pressure_from_cufft line=156 device=0 host-threadid=0 num_teams=0 thread_limit=0 kernelname=nvkernel_poisson_cufft_backend_unpack_pressure_from_cufft__F1L156_10_ grid=<<<62500,1,1>>> block=<<<128,1,1>>> shmem=0b
launch CUDA kernel file=/home/davide/Codes/FDM/boundary.f90 function=apply_bc line=19 device=0 host-threadid=0 num_teams=0 thread_limit=0 kernelname=nvkernel_boundary_apply_bc__F1L19_2_ grid=<<<319,1,1>>> block=<<<128,1,1>>> shmem=0b
launch CUDA kernel file=/home/davide/Codes/FDM/boundary.f90 function=apply_bc line=46 device=0 host-threadid=0 num_teams=0 thread_limit=0 kernelname=nvkernel_boundary_apply_bc__F1L46_4_ grid=<<<319,1,1>>> block=<<<128,1,1>>> shmem=0b
launch CUDA kernel file=/home/davide/Codes/FDM/boundary.f90 function=apply_bc line=85 device=0 host-threadid=0 num_teams=0 thread_limit=0 kernelname=nvkernel_boundary_apply_bc__F1L85_6_ grid=<<<319,1,1>>> block=<<<128,1,1>>> shmem=0b
launch CUDA kernel file=/home/davide/Codes/FDM/step.f90 function=corrector line=211 device=0 host-threadid=0 num_teams=0 thread_limit=0 kernelname=nvkernel_step_corrector__F1L211_14_ grid=<<<62500,1,1>>> block=<<<128,1,1>>> shmem=0b
launch CUDA kernel file=/home/davide/Codes/FDM/step.f90 function=corrector line=225 device=0 host-threadid=0 num_teams=0 thread_limit=0 kernelname=nvkernel_step_corrector__F1L225_16_ grid=<<<62188,1,1>>> block=<<<128,1,1>>> shmem=0b
launch CUDA kernel file=/home/davide/Codes/FDM/step.f90 function=corrector line=239 device=0 host-threadid=0 num_teams=0 thread_limit=0 kernelname=nvkernel_step_corrector__F1L239_18_ grid=<<<62500,1,1>>> block=<<<128,1,1>>> shmem=0b
launch CUDA kernel file=/home/davide/Codes/FDM/step.f90 function=corrector line=253 device=0 host-threadid=0 num_teams=0 thread_limit=0 kernelname=nvkernel_step_corrector__F1L253_20_ grid=<<<63757,1,1>>> block=<<<128,1,1>>> shmem=0b
launch CUDA kernel file=/home/davide/Codes/FDM/boundary.f90 function=apply_bc line=19 device=0 host-threadid=0 num_teams=0 thread_limit=0 kernelname=nvkernel_boundary_apply_bc__F1L19_2_ grid=<<<319,1,1>>> block=<<<128,1,1>>> shmem=0b
launch CUDA kernel file=/home/davide/Codes/FDM/boundary.f90 function=apply_bc line=46 device=0 host-threadid=0 num_teams=0 thread_limit=0 kernelname=nvkernel_boundary_apply_bc__F1L46_4_ grid=<<<319,1,1>>> block=<<<128,1,1>>> shmem=0b
launch CUDA kernel file=/home/davide/Codes/FDM/boundary.f90 function=apply_bc line=85 device=0 host-threadid=0 num_teams=0 thread_limit=0 kernelname=nvkernel_boundary_apply_bc__F1L85_6_ grid=<<<319,1,1>>> block=<<<128,1,1>>> shmem=0b
upload CUDA data  file=/home/davide/Codes/FDM/step.f90 function=get_cfl line=323 device=0 threadid=1 variable=get_cfl bytes=8
launch CUDA kernel file=/home/davide/Codes/FDM/step.f90 function=get_cfl line=323 device=0 host-threadid=0 num_teams=0 thread_limit=0 kernelname=nvkernel_step_get_cfl__F1L323_34_ grid=<<<64394,1,1>>> block=<<<128,1,1>>> shmem=0b
download CUDA data  file=/home/davide/Codes/FDM/step.f90 function=get_cfl line=332 device=0 threadid=1 variable=get_cfl bytes=8
upload CUDA data  file=/home/davide/Codes/FDM/step.f90 function=get_cfl line=334 device=0 threadid=1 variable=get_cfl bytes=8
launch CUDA kernel file=/home/davide/Codes/FDM/step.f90 function=get_cfl line=334 device=0 host-threadid=0 num_teams=0 thread_limit=0 kernelname=nvkernel_step_get_cfl__F1L334_36_ grid=<<<64076,1,1>>> block=<<<128,1,1>>> shmem=0b
download CUDA data  file=/home/davide/Codes/FDM/step.f90 function=get_cfl line=343 device=0 threadid=1 variable=get_cfl bytes=8
upload CUDA data  file=/home/davide/Codes/FDM/step.f90 function=get_cfl line=345 device=0 threadid=1 variable=get_cfl bytes=8
launch CUDA kernel file=/home/davide/Codes/FDM/step.f90 function=get_cfl line=345 device=0 host-threadid=0 num_teams=0 thread_limit=0 kernelname=nvkernel_step_get_cfl__F1L345_38_ grid=<<<64394,1,1>>> block=<<<128,1,1>>> shmem=0b
download CUDA data  file=/home/davide/Codes/FDM/step.f90 function=get_cfl line=354 device=0 threadid=1 variable=get_cfl bytes=8
upload CUDA data  file=/home/davide/Codes/FDM/poisson_cufft.f90 function=destroy_cufft_workspace line=176 device=0 threadid=1 variable=.detach. bytes=8
upload CUDA data  file=/home/davide/Codes/FDM/poisson_cufft.f90 function=destroy_cufft_workspace line=176 device=0 threadid=1 variable=.detach. bytes=8
upload CUDA data  file=/home/davide/Codes/FDM/poisson_cufft.f90 function=destroy_cufft_workspace line=176 device=0 threadid=1 variable=.detach. bytes=8
upload CUDA data  file=/home/davide/Codes/FDM/poisson_cufft.f90 function=destroy_cufft_workspace line=176 device=0 threadid=1 variable=.detach. bytes=8
upload CUDA data  file=/home/davide/Codes/FDM/poisson_cufft.f90 function=destroy_cufft_workspace line=176 device=0 threadid=1 variable=.detach. bytes=8
upload CUDA data  file=/home/davide/Codes/FDM/poisson_cufft.f90 function=destroy_cufft_workspace line=176 device=0 threadid=1 variable=.detach. bytes=8
upload CUDA data  file=/home/davide/Codes/FDM/poisson_cufft.f90 function=destroy_cufft_workspace line=176 device=0 threadid=1 variable=.detach. bytes=8
upload CUDA data  file=/home/davide/Codes/FDM/poisson_cufft.f90 function=destroy_cufft_workspace line=176 device=0 threadid=1 variable=.detach. bytes=8
upload CUDA data  file=/home/davide/Codes/FDM/poisson_cufft.f90 function=destroy_cufft_workspace line=176 device=0 threadid=1 variable=.detach. bytes=8
upload CUDA data  file=/home/davide/Codes/FDM/poisson_cufft.f90 function=destroy_cufft_workspace line=176 device=0 threadid=1 variable=.detach. bytes=8
upload CUDA data  file=/home/davide/Codes/FDM/poisson_cufft.f90 function=destroy_cufft_workspace line=176 device=0 threadid=1 variable=.detach. bytes=8
upload CUDA data  file=/home/davide/Codes/FDM/poisson_cufft.f90 function=destroy_cufft_workspace line=176 device=0 threadid=1 variable=.detach. bytes=8
upload CUDA data  file=/home/davide/Codes/FDM/gpu_runtime.f90 function=exit_field_data line=44 device=0 threadid=1 variable=.detach. bytes=8
upload CUDA data  file=/home/davide/Codes/FDM/gpu_runtime.f90 function=exit_field_data line=44 device=0 threadid=1 variable=.detach. bytes=8
upload CUDA data  file=/home/davide/Codes/FDM/gpu_runtime.f90 function=exit_field_data line=44 device=0 threadid=1 variable=.detach. bytes=8
upload CUDA data  file=/home/davide/Codes/FDM/gpu_runtime.f90 function=exit_field_data line=44 device=0 threadid=1 variable=.detach. bytes=8
upload CUDA data  file=/home/davide/Codes/FDM/gpu_runtime.f90 function=exit_field_data line=44 device=0 threadid=1 variable=.detach. bytes=8
upload CUDA data  file=/home/davide/Codes/FDM/gpu_runtime.f90 function=exit_field_data line=44 device=0 threadid=1 variable=.detach. bytes=8
upload CUDA data  file=/home/davide/Codes/FDM/gpu_runtime.f90 function=exit_field_data line=44 device=0 threadid=1 variable=.detach. bytes=8
upload CUDA data  file=/home/davide/Codes/FDM/gpu_runtime.f90 function=exit_field_data line=44 device=0 threadid=1 variable=.detach. bytes=8
upload CUDA data  file=/home/davide/Codes/FDM/gpu_runtime.f90 function=exit_field_data line=44 device=0 threadid=1 variable=.detach. bytes=8
upload CUDA data  file=/home/davide/Codes/FDM/gpu_runtime.f90 function=exit_field_data line=44 device=0 threadid=1 variable=.detach. bytes=8
upload CUDA data  file=/home/davide/Codes/FDM/gpu_runtime.f90 function=exit_field_data line=44 device=0 threadid=1 variable=.detach. bytes=8
upload CUDA data  file=/home/davide/Codes/FDM/gpu_runtime.f90 function=exit_field_data line=44 device=0 threadid=1 variable=.detach. bytes=8
upload CUDA data  file=/home/davide/Codes/FDM/gpu_runtime.f90 function=exit_field_data line=44 device=0 threadid=1 variable=.detach. bytes=8
upload CUDA data  file=/home/davide/Codes/FDM/gpu_runtime.f90 function=exit_field_data line=44 device=0 threadid=1 variable=.detach. bytes=8
upload CUDA data  file=/home/davide/Codes/FDM/gpu_runtime.f90 function=exit_field_data line=44 device=0 threadid=1 variable=.detach. bytes=8
upload CUDA data  file=/home/davide/Codes/FDM/gpu_runtime.f90 function=exit_field_data line=44 device=0 threadid=1 variable=.detach. bytes=8
upload CUDA data  file=/home/davide/Codes/FDM/gpu_runtime.f90 function=exit_field_data line=44 device=0 threadid=1 variable=.detach. bytes=8
upload CUDA data  file=/home/davide/Codes/FDM/gpu_runtime.f90 function=exit_field_data line=44 device=0 threadid=1 variable=.detach. bytes=8
upload CUDA data  file=/home/davide/Codes/FDM/gpu_runtime.f90 function=exit_field_data line=44 device=0 threadid=1 variable=.detach. bytes=8
upload CUDA data  file=/home/davide/Codes/FDM/gpu_runtime.f90 function=exit_field_data line=44 device=0 threadid=1 variable=.detach. bytes=8
upload CUDA data  file=/home/davide/Codes/FDM/gpu_runtime.f90 function=exit_field_data line=44 device=0 threadid=1 variable=.detach. bytes=8
upload CUDA data  file=/home/davide/Codes/FDM/gpu_runtime.f90 function=exit_field_data line=44 device=0 threadid=1 variable=.detach. bytes=8
upload CUDA data  file=/home/davide/Codes/FDM/gpu_runtime.f90 function=exit_field_data line=44 device=0 threadid=1 variable=.detach. bytes=8
upload CUDA data  file=/home/davide/Codes/FDM/gpu_runtime.f90 function=exit_field_data line=44 device=0 threadid=1 variable=.detach. bytes=8
